Modified McCabe Cyclomatic Complexity
|   Traditional McCabe Cyclomatic Complexity
|       |    # Statements in function
|       |        |   First line of function
|       |        |       |   # lines in function
|       |        |       |       |  filename(definition line number):function
|       |        |       |       |           |
2	2	4	13	7	test018(13): unnamed::myFunc
2	2	4	n/a	25	Total
   CSL PCT  NCSL PCT  TOTAL  FILENAME
     7  28    18  72     25  test018
     7  28    18  72     25  (total files: 1)
